// Jest Snapshot v1, https://goo.gl/fbAQLP

exports[`components/Button renders a primary button 1`] = `
<View
  accessible={true}
  collapsable={false}
  focusable={true}
  onBlur={[Function]}
  onClick={[Function]}
  onFocus={[Function]}
  onResponderGrant={[Function]}
  onResponderMove={[Function]}
  onResponderRelease={[Function]}
  onResponderTerminate={[Function]}
  onResponderTerminationRequest={[Function]}
  onStartShouldSetResponder={[Function]}
  style={false}
>
  <View
    style={
      Array [
        Object {
          "alignItems": "center",
          "display": "flex",
          "flexDirection": "row",
          "justifyContent": "center",
        },
        Object {
          "backgroundColor": "#080E53",
          "borderColor": "#080E53",
          "borderRadius": 4,
          "borderWidth": 0,
          "paddingHorizontal": 16,
          "paddingVertical": 16,
        },
        Object {
          "opacity": 1,
        },
      ]
    }
  >
    <Text
      style={
        Array [
          undefined,
          Object {
            "color": "#F4F4F4",
            "fontSize": 17,
            "fontWeight": "400",
            "lineHeight": 22,
          },
        ]
      }
    >
      Hello World!
    </Text>
  </View>
</View>
`;
