// Jest Snapshot v1, https://goo.gl/fbAQLP

exports[`components/Carousel renders a Carousel 1`] = `
<RNSVGSvgView
  align="xMidYMid"
  bbHeight="24"
  bbWidth="24"
  fill="none"
  focusable={false}
  height={24}
  meetOrSlice={0}
  minX={0}
  minY={0}
  style={
    [
      {
        "backgroundColor": "transparent",
        "borderWidth": 0,
      },
      {
        "flex": 0,
        "height": 24,
        "width": 24,
      },
    ]
  }
  vbHeight={24}
  vbWidth={24}
  width={24}
  xmlns="http://www.w3.org/2000/svg"
>
  <RNSVGGroup
    fill={null}
    propList={
      [
        "fill",
      ]
    }
  >
    <RNSVGGroup
      fill={
        {
          "payload": 4278190080,
          "type": 0,
        }
      }
      name="account_balance_wallet"
    >
      <RNSVGPath
        d="M20.5 18V19C20.5 20.1 19.6 21 18.5 21H4.5C3.39 21 2.5 20.1 2.5 19V5C2.5 3.9 3.39 3 4.5 3H18.5C19.6 3 20.5 3.9 20.5 5V6H11.5C10.39 6 9.5 6.9 9.5 8V16C9.5 17.1 10.39 18 11.5 18H20.5ZM11.5 16H21.5V8H11.5V16ZM15.5 13.5C14.67 13.5 14 12.83 14 12C14 11.17 14.67 10.5 15.5 10.5C16.33 10.5 17 11.17 17 12C17 12.83 16.33 13.5 15.5 13.5Z"
        fill={
          {
            "payload": 4284900966,
            "type": 0,
          }
        }
        name="Vector"
        propList={
          [
            "fill",
          ]
        }
      />
    </RNSVGGroup>
  </RNSVGGroup>
</RNSVGSvgView>
`;

exports[`icon/AccountBalanceWalletIcon renders a AccountBalanceWalletIcon 1`] = `
<RNSVGSvgView
  align="xMidYMid"
  bbHeight="24"
  bbWidth="24"
  fill="none"
  focusable={false}
  height={24}
  meetOrSlice={0}
  minX={0}
  minY={0}
  style={
    [
      {
        "backgroundColor": "transparent",
        "borderWidth": 0,
      },
      {
        "flex": 0,
        "height": 24,
        "width": 24,
      },
    ]
  }
  vbHeight={24}
  vbWidth={24}
  width={24}
  xmlns="http://www.w3.org/2000/svg"
>
  <RNSVGGroup
    fill={null}
    propList={
      [
        "fill",
      ]
    }
  >
    <RNSVGGroup
      fill={
        {
          "payload": 4278190080,
          "type": 0,
        }
      }
      name="account_balance_wallet"
    >
      <RNSVGPath
        d="M20.5 18V19C20.5 20.1 19.6 21 18.5 21H4.5C3.39 21 2.5 20.1 2.5 19V5C2.5 3.9 3.39 3 4.5 3H18.5C19.6 3 20.5 3.9 20.5 5V6H11.5C10.39 6 9.5 6.9 9.5 8V16C9.5 17.1 10.39 18 11.5 18H20.5ZM11.5 16H21.5V8H11.5V16ZM15.5 13.5C14.67 13.5 14 12.83 14 12C14 11.17 14.67 10.5 15.5 10.5C16.33 10.5 17 11.17 17 12C17 12.83 16.33 13.5 15.5 13.5Z"
        fill={
          {
            "payload": 4284900966,
            "type": 0,
          }
        }
        name="Vector"
        propList={
          [
            "fill",
          ]
        }
      />
    </RNSVGGroup>
  </RNSVGGroup>
</RNSVGSvgView>
`;
