// Jest Snapshot v1, https://goo.gl/fbAQLP

exports[`components/Carousel renders a Carousel 1`] = `
<RNSVGSvgView
  align="xMidYMid"
  bbHeight="24"
  bbWidth="24"
  fill="none"
  focusable={false}
  height={24}
  meetOrSlice={0}
  minX={0}
  minY={0}
  style={
    [
      {
        "backgroundColor": "transparent",
        "borderWidth": 0,
      },
      {
        "flex": 0,
        "height": 24,
        "width": 24,
      },
    ]
  }
  vbHeight={24}
  vbWidth={24}
  width={24}
  xmlns="http://www.w3.org/2000/svg"
>
  <RNSVGGroup
    fill={null}
    propList={
      [
        "fill",
      ]
    }
  >
    <RNSVGPath
      d="M19 13H13V19H11V13H5V11H11V5H13V11H19V13Z"
      fill={
        {
          "payload": 4278190080,
          "type": 0,
        }
      }
      propList={
        [
          "fill",
        ]
      }
    />
  </RNSVGGroup>
</RNSVGSvgView>
`;

exports[`icon/AddIcon renders a AddIcon 1`] = `
<RNSVGSvgView
  align="xMidYMid"
  bbHeight="24"
  bbWidth="24"
  fill="none"
  focusable={false}
  height={24}
  meetOrSlice={0}
  minX={0}
  minY={0}
  style={
    [
      {
        "backgroundColor": "transparent",
        "borderWidth": 0,
      },
      {
        "flex": 0,
        "height": 24,
        "width": 24,
      },
    ]
  }
  vbHeight={24}
  vbWidth={24}
  width={24}
  xmlns="http://www.w3.org/2000/svg"
>
  <RNSVGGroup
    fill={null}
    propList={
      [
        "fill",
      ]
    }
  >
    <RNSVGPath
      d="M19 13H13V19H11V13H5V11H11V5H13V11H19V13Z"
      fill={
        {
          "payload": 4278190080,
          "type": 0,
        }
      }
      propList={
        [
          "fill",
        ]
      }
    />
  </RNSVGGroup>
</RNSVGSvgView>
`;
