// Jest Snapshot v1, https://goo.gl/fbAQLP

exports[`icon/PendingIcon renders a PendingIcon 1`] = `
<RNSVGSvgView
  align="xMidYMid"
  bbHeight="21"
  bbWidth="20"
  fill="none"
  focusable={false}
  height={21}
  meetOrSlice={0}
  minX={0}
  minY={0}
  style={
    [
      {
        "backgroundColor": "transparent",
        "borderWidth": 0,
      },
      {
        "flex": 0,
        "height": 21,
        "width": 20,
      },
    ]
  }
  vbHeight={21}
  vbWidth={20}
  width={20}
  xmlns="http://www.w3.org/2000/svg"
>
  <RNSVGGroup
    fill={null}
    propList={
      [
        "fill",
      ]
    }
  >
    <RNSVGPath
      d="M9.9915 2.4165C5.3915 2.4165 1.6665 6.14984 1.6665 10.7498C1.6665 15.3498 5.3915 19.0832 9.9915 19.0832C14.5998 19.0832 18.3332 15.3498 18.3332 10.7498C18.3332 6.14984 14.5998 2.4165 9.9915 2.4165ZM9.99984 17.4165C6.3165 17.4165 3.33317 14.4332 3.33317 10.7498C3.33317 7.0665 6.3165 4.08317 9.99984 4.08317C13.6832 4.08317 16.6665 7.0665 16.6665 10.7498C16.6665 14.4332 13.6832 17.4165 9.99984 17.4165ZM10.4165 6.58317H9.1665V11.5832L13.5415 14.2082L14.1665 13.1832L10.4165 10.9582V6.58317Z"
      fill={
        {
          "payload": 4278231244,
          "type": 0,
        }
      }
      propList={
        [
          "fill",
        ]
      }
    />
  </RNSVGGroup>
</RNSVGSvgView>
`;
