// Jest Snapshot v1, https://goo.gl/fbAQLP

exports[`icon/SplitIcon renders a SplitIcon 1`] = `
<RNSVGSvgView
  align="xMidYMid"
  bbHeight="24"
  bbWidth="24"
  fill="none"
  focusable={false}
  height={24}
  meetOrSlice={0}
  minX={0}
  minY={0}
  style={
    [
      {
        "backgroundColor": "transparent",
        "borderWidth": 0,
      },
      {
        "flex": 0,
        "height": 24,
        "width": 24,
      },
    ]
  }
  vbHeight={24}
  vbWidth={24}
  width={24}
  xmlns="http://www.w3.org/2000/svg"
>
  <RNSVGGroup
    fill={null}
    propList={
      [
        "fill",
      ]
    }
  >
    <RNSVGPath
      d="M6.42188 9.96094L7.22656 8.92188L7.35156 9C9.04688 10.0859 11.1484 12.6406 11.1484 14.4609V18.7578C11.1484 19.3828 11.4531 19.7188 12 19.7188C12.5469 19.7188 12.8438 19.3828 12.8438 18.7578V14.4609C12.8438 12.6406 14.9453 10.0859 16.6406 9L16.7266 8.94531L17.4531 9.94531C17.8281 10.4609 18.3281 10.3125 18.5234 9.70312L19.5781 6.52344C19.7422 6.03125 19.4609 5.64062 18.9375 5.64844L15.5938 5.67188C14.9531 5.67188 14.6641 6.10156 15.0312 6.60938L15.7188 7.55469C14.1172 8.63281 12.3594 10.75 12.0156 12.0078H11.9844C11.6328 10.7422 9.88281 8.64062 8.28125 7.5625L8.95312 6.69531C9.33594 6.20312 9.0625 5.76562 8.42188 5.74219L5.07031 5.61719C4.55469 5.59375 4.26562 5.96875 4.41406 6.46875L5.36719 9.67969C5.54688 10.2969 6.03125 10.4609 6.42188 9.96094Z"
      fill={
        {
          "payload": 4294931730,
          "type": 0,
        }
      }
      propList={
        [
          "fill",
        ]
      }
    />
  </RNSVGGroup>
</RNSVGSvgView>
`;
