// Jest Snapshot v1, https://goo.gl/fbAQLP

exports[`components/Carousel renders a Carousel 1`] = `
<View
  style={
    Object {
      "paddingTop": 8,
      "position": "relative",
      "width": "100%",
    }
  }
>
  <RCTScrollView
    data={
      Array [
        Object {
          "text": "Slide 1",
        },
        Object {
          "text": "Slide 2",
        },
        Object {
          "text": "Slide 3",
        },
      ]
    }
    getItem={[Function]}
    getItemCount={[Function]}
    horizontal={true}
    keyExtractor={[Function]}
    onContentSizeChange={[Function]}
    onLayout={[Function]}
    onMomentumScrollBegin={[Function]}
    onMomentumScrollEnd={[Function]}
    onScroll={[Function]}
    onScrollBeginDrag={[Function]}
    onScrollEndDrag={[Function]}
    pagingEnabled={true}
    removeClippedSubviews={false}
    renderItem={[Function]}
    scrollEventThrottle={16}
    showsHorizontalScrollIndicator={false}
    showsVerticalScrollIndicator={false}
    snapToAlignment="center"
    stickyHeaderIndices={Array []}
    viewabilityConfigCallbackPairs={Array []}
  >
    <View>
      <View
        onLayout={[Function]}
        style={
          Array [
            Object {
              "flexDirection": "row",
            },
            null,
          ]
        }
      >
        <View
          style={
            Object {
              "width": undefined,
            }
          }
        >
          <View
            testID="slide"
          >
            <Text>
              Slide 1
            </Text>
          </View>
        </View>
      </View>
      <View
        onLayout={[Function]}
        style={
          Array [
            Object {
              "flexDirection": "row",
            },
            null,
          ]
        }
      >
        <View
          style={
            Object {
              "width": undefined,
            }
          }
        >
          <View
            testID="slide"
          >
            <Text>
              Slide 2
            </Text>
          </View>
        </View>
      </View>
      <View
        onLayout={[Function]}
        style={
          Array [
            Object {
              "flexDirection": "row",
            },
            null,
          ]
        }
      >
        <View
          style={
            Object {
              "width": undefined,
            }
          }
        >
          <View
            testID="slide"
          >
            <Text>
              Slide 3
            </Text>
          </View>
        </View>
      </View>
    </View>
  </RCTScrollView>
  <View
    style={
      Object {
        "flexDirection": "row",
        "justifyContent": "center",
      }
    }
  >
    <View
      style={
        Object {
          "bottom": 8,
          "flexDirection": "row",
          "position": "absolute",
        }
      }
    >
      <View
        style={
          Array [
            Object {
              "alignSelf": "center",
              "borderRadius": 4,
              "marginBottom": 8,
              "marginHorizontal": 2,
            },
            Object {
              "backgroundColor": "#FF7512",
              "height": 8,
              "width": 8,
            },
          ]
        }
      />
      <View
        style={
          Array [
            Object {
              "alignSelf": "center",
              "borderRadius": 4,
              "marginBottom": 8,
              "marginHorizontal": 2,
            },
            Object {
              "backgroundColor": "#CFCFDD",
              "height": 6,
              "width": 6,
            },
          ]
        }
      />
      <View
        style={
          Array [
            Object {
              "alignSelf": "center",
              "borderRadius": 4,
              "marginBottom": 8,
              "marginHorizontal": 2,
            },
            Object {
              "backgroundColor": "#CFCFDD",
              "height": 6,
              "width": 6,
            },
          ]
        }
      />
    </View>
  </View>
</View>
`;
